src/components/editor/PeekDefinition.tsx(25,5): error TS6133: 'symbol' is declared but its value is never read.
src/components/editor/QuickActions.tsx(4,31): error TS6133: 'useCallback' is declared but its value is never read.
